../Core/Src/main.c:85:5:main	8	static
../Core/Src/main.c:137:6:SystemClock_Config	88	static
../Core/Src/main.c:184:13:MX_ADC1_Init	56	static
../Core/Src/main.c:252:13:MX_LPUART1_UART_Init	8	static
../Core/Src/main.c:299:13:MX_SPI3_Init	8	static
../Core/Src/main.c:339:13:MX_GPIO_Init	48	static
../Core/Src/main.c:387:6:SPITxRx_Setup	16	static
../Core/Src/main.c:412:6:Write_LED_SPI	24	static
../Core/Src/main.c:426:9:Read_Val	112	static
../Core/Src/main.c:443:6:reload	120	static
../Core/Src/main.c:468:6:shoot	112	static
../Core/Src/main.c:511:6:Error_Handler	4	static,ignoring_inline_asm
