../Core/Src/main.c:83:5:main	40	static
../Core/Src/main.c:139:6:SystemClock_Config	88	static
../Core/Src/main.c:186:13:MX_ADC1_Init	56	static
../Core/Src/main.c:254:13:MX_LPUART1_UART_Init	8	static
../Core/Src/main.c:301:13:MX_SPI3_Init	8	static
../Core/Src/main.c:341:13:MX_GPIO_Init	48	static
../Core/Src/main.c:389:6:SPITxRx_Setup	16	static
../Core/Src/main.c:414:6:Write_LED_SPI	24	static
../Core/Src/main.c:428:9:Read_BTN_SPI	24	static
../Core/Src/main.c:442:6:reload	8	static
../Core/Src/main.c:456:6:Error_Handler	4	static,ignoring_inline_asm
