17:21:28 **** Incremental Build of configuration Debug for project Exam3 ****
make -j20 all 
arm-none-eabi-gcc "../Core/Src/main.c" -mcpu=cortex-m4 -std=gnu11 -g3 -DDEBUG -DUSE_HAL_DRIVER -DSTM32G474xx -c -I../Core/Inc -I../Drivers/STM32G4xx_HAL_Driver/Inc -I../Drivers/STM32G4xx_HAL_Driver/Inc/Legacy -I../Drivers/CMSIS/Device/ST/STM32G4xx/Include -I../Drivers/CMSIS/Include -O0 -ffunction-sections -fdata-sections -Wall -fstack-usage -fcyclomatic-complexity -MMD -MP -MF"Core/Src/main.d" -MT"Core/Src/main.o" --specs=nano.specs -mfpu=fpv4-sp-d16 -mfloat-abi=hard -mthumb -o "Core/Src/main.o"
../Core/Src/main.c: In function 'SPITxRx_Setup':
../Core/Src/main.c:413:17: warning: unused variable 'buffer' [-Wunused-variable]
  413 |         uint8_t buffer[4];
      |                 ^~~~~~
arm-none-eabi-gcc -o "Exam3.elf" @"objects.list"   -mcpu=cortex-m4 -T"C:\Users\asus\Documents\FIBO\FIBO Year 2 Simester 2\Microcontroller\Exam 3\Exam3\STM32G474RETX_FLASH.ld" --specs=nosys.specs -Wl,-Map="Exam3.map" -Wl,--gc-sections -static --specs=nano.specs -mfpu=fpv4-sp-d16 -mfloat-abi=hard -mthumb -Wl,--start-group -lc -lm -Wl,--end-group
Finished building target: Exam3.elf
 
arm-none-eabi-size   Exam3.elf 
arm-none-eabi-objdump -h -S  Exam3.elf  > "Exam3.list"
   text	   data	    bss	    dec	    hex	filename
  29020	    116	   2292	  31428	   7ac4	Exam3.elf
Finished building: default.size.stdout
 
Finished building: Exam3.list
 

17:21:29 Build Finished. 0 errors, 1 warnings. (took 872ms)

